I'm sorry, but errors were detected in your script. Please correct the
errors listed below, and try again.


File "game/sc/gn.rpy", line 2: python block expects a non-empty block.
    init python:
                ^

Ren'Py Version: Ren'Py 8.3.4.24120703
Thu Jun 26 09:35:21 2025
